<html>
<body>
<pre>
<h1>µVision Build Log</h1>
<h2>Tool Versions:</h2>
IDE-Version: µVision V5.18.0.0
Copyright (C) 2016 ARM Ltd and ARM Germany GmbH. All rights reserved.
License Information: Osama Salahuddin, Idealojy, LIC=32BTG-V2GEI-IH48E-5T3JG-6HJEU-VF844
 
Tool Versions:
Toolchain:       MDK-ARM Standard  Version: 5.18
Toolchain Path:  C:\Keil_v518\ARM\ARMCC\Bin
C Compiler:      Armcc.exe V5.06 update 1 (build 61)
Assembler:       Armasm.exe V5.06 update 1 (build 61)
Linker/Locator:  ArmLink.exe V5.06 update 1 (build 61)
Library Manager: ArmAr.exe V5.06 update 1 (build 61)
Hex Converter:   FromElf.exe V5.06 update 1 (build 61)
CPU DLL:         SARMCM3.DLL V5.18
Dialog DLL:      DCM.DLL V1.13.6.0
Target DLL:      STLink\ST-LINKIII-KEIL_SWO.dll V2.0.18.0
Dialog DLL:      TCM.DLL V1.14.8.0
 
<h2>Project:</h2>
D:\Idealojy\New folder\stm32Player\Project\STM32F103\Player\MDK-ARM\Project.uvprojx
Project File Date:  06/25/2016

<h2>Output:</h2>
*** Using Compiler 'V5.06 update 1 (build 61)', folder: 'C:\Keil_v518\ARM\ARMCC\Bin'
Rebuild target 'STM32F103RB_Nucleo'
compiling stm32f1xx_hal_cortex.c...
compiling stm32f1xx_nucleo.c...
compiling stm32f1xx_hal_adc.c...
compiling stm32f1xx_hal_gpio.c...
compiling stm32f1xx_hal_dma.c...
compiling stm32f1xx_hal_flash.c...
compiling stm32f1xx_hal_flash_ex.c...
compiling stm32f1xx_hal_rcc_ex.c...
compiling stm32f1xx_hal_spi.c...
compiling stm32f1xx_hal.c...
compiling stm32f1xx_hal_rcc.c...
compiling stm32f1xx_hal_adc_ex.c...
assembling startup_stm32f103xb.s...
compiling stm32f1xx_hal_uart.c...
compiling main.c...
compiling stm32f1xx_it.c...
compiling stm32f1xx_hal_msp.c...
compiling system_stm32f1xx.c...
compiling Debug.c...
compiling printf.c...
..\Debug\printf.c(125): warning:  #1293-D: assignment in condition
      while ((ch= *bf++))
..\Debug\printf.c(136): warning:  #1293-D: assignment in condition
      while ((ch=*(fmt++))) {
..\Debug\printf.c(24): warning:  #550-D: variable "stdout_putf" was set but never used
  static putcf stdout_putf;
..\Debug\printf.c(25): warning:  #550-D: variable "stdout_putp" was set but never used
  static void* stdout_putp;
..\Debug\printf.c: 4 warnings, 0 errors
compiling time.c...
linking...
Program Size: Code=8466 RO-data=290 RW-data=60 ZI-data=2340  
"STM32F103RB_Nucleo\STM32F103RB_Nucleo.axf" - 0 Error(s), 4 Warning(s).

<h2>Software Packages used:</h2>

Package Vendor: ARM
                http://www.keil.com/pack/ARM.CMSIS.4.5.0.pack
                ARM::CMSIS:CORE:4.3.0
                CMSIS (Cortex Microcontroller Software Interface Standard)
   * Component: CORE Version: 4.3.0

<h2>Collection of Component include folders:</h2>
  D:\Idealojy\New folder\stm32Player\Project\STM32F103\Player\MDK-ARM\RTE
  C:\Keil_v518\ARM\PACK\ARM\CMSIS\4.5.0\CMSIS\Include
  C:\Keil_v518\ARM\PACK\Keil\STM32F1xx_DFP\2.0.0\Device\Include

<h2>Collection of Component Files used:</h2>

   * Component: ARM::CMSIS:CORE:4.3.0
Build Time Elapsed:  00:00:06
</pre>
</body>
</html>
