<html>
<body>
<pre>
<h1>µVision Build Log</h1>
<h2>Tool Versions:</h2>
IDE-Version: µVision V5.18.0.0
Copyright (C) 2016 ARM Ltd and ARM Germany GmbH. All rights reserved.
License Information: Osama Salahuddin, Idealojy, LIC=32BTG-V2GEI-IH48E-5T3JG-6HJEU-VF844
 
Tool Versions:
Toolchain:       MDK-ARM Standard  Version: 5.18
Toolchain Path:  C:\Keil_v518\ARM\ARMCC\Bin
C Compiler:      Armcc.exe V5.06 update 1 (build 61)
Assembler:       Armasm.exe V5.06 update 1 (build 61)
Linker/Locator:  ArmLink.exe V5.06 update 1 (build 61)
Library Manager: ArmAr.exe V5.06 update 1 (build 61)
Hex Converter:   FromElf.exe V5.06 update 1 (build 61)
CPU DLL:         SARMCM3.DLL V5.18
Dialog DLL:      DCM.DLL V1.13.6.0
Target DLL:      STLink\ST-LINKIII-KEIL_SWO.dll V2.0.18.0
Dialog DLL:      TCM.DLL V1.14.8.0
 
<h2>Project:</h2>
D:\Idealojy\New folder\stm32Player\Project\STM32F103\Player\MDK-ARM\Project.uvprojx
Project File Date:  07/18/2016

<h2>Output:</h2>
*** Using Compiler 'V5.06 update 1 (build 61)', folder: 'C:\Keil_v518\ARM\ARMCC\Bin'
Build target 'STM32F103RB_Nucleo'
compiling main.c...
compiling VS1053.c...
..\..\..\..\Drivers\BSP\VS1053\Src\VS1053.c(487): warning:  #177-D: function "LinToDB" was declared but never referenced
  static uint16_t LinToDB(unsigned short n) {
..\..\..\..\Drivers\BSP\VS1053\Src\VS1053.c: 1 warning, 0 errors
linking...
Program Size: Code=27944 RO-data=1836 RW-data=84 ZI-data=6420  
"STM32F103RB_Nucleo\STM32F103RB_Nucleo.axf" - 0 Error(s), 1 Warning(s).

<h2>Software Packages used:</h2>

Package Vendor: ARM
                http://www.keil.com/pack/ARM.CMSIS.4.5.0.pack
                ARM::CMSIS:CORE:4.3.0
                CMSIS (Cortex Microcontroller Software Interface Standard)
   * Component: CORE Version: 4.3.0

<h2>Collection of Component include folders:</h2>
  D:\Idealojy\New folder\stm32Player\Project\STM32F103\Player\MDK-ARM\RTE
  C:\Keil_v518\ARM\PACK\ARM\CMSIS\4.5.0\CMSIS\Include
  C:\Keil_v518\ARM\PACK\Keil\STM32F1xx_DFP\2.0.0\Device\Include

<h2>Collection of Component Files used:</h2>

   * Component: ARM::CMSIS:CORE:4.3.0
Build Time Elapsed:  00:00:01
</pre>
</body>
</html>
